[www.hacg.wiki/index.html]
[backblue.gif]
[fade.gif]
[index.html]
[www.google-analytics.com/analytics.js]
[www.hacg.wiki/2/new2.css]
[www.hacg.wiki/2/img/toplogo.png]
[www.hacg.wiki/2/img/toptitle01.png]
[www.hacg.wiki/2/img/toptitle02.png]
[www.hacg.wiki/wp/anime.html]
[www.hacg.wiki/wp/index.html]
[www.hacg.wiki/wp/comic.html]
[www.hacg.wiki/wp/game.html]
[www.hacg.wiki/mp3/onj001.mp3]
[www.hacg.wiki/index.html]
[www.hacg.wiki/wp/sitemap.html]
[www.hacg.wiki/2/img/topBG.jpg]
[www.hacg.wiki/2/new2.css]
[www.liuli.pw/wp/wp-content/themes/twentyeleven2/style.css]
[www.liuli.pw/wp/wp-content/plugins/toggle-box/toggle-box55fe.css]
[www.liuli.pw/wp/wp-content/plugins/popup-press.v.1.4/css/pps_style5152.css]
[www.liuli.pw/wp/wp-content/plugins/sidebar-login/assets/css/sidebar-loginde39.css]
[www.liuli.pw/wp/wp-content/plugins/wp-polls/polls-cssbdc8.css]
[www.liuli.pw/wp/wp-content/plugins/wp-postratings/css/postratings-css2941.css]
[www.liuli.pw/wp/wp-content/plugins/wpforo/wpf-themes/classic/widgetse7f0.css]
[www.liuli.pw/wp/wp-content/themes/twentyeleven2/colors/dark.css]
[www.liuli.pw/wp/wp-includes/js/jquery/jqueryb8ff.js]
[www.liuli.pw/wp/wp-includes/js/jquery/jquery-migrate.min330a.js]
[www.liuli.pw/wp/wp-content/plugins/toggle-box/js/toggle-box55fe.js]
[www.liuli.pw/wp/wp-content/plugins/sidebar-login/assets/js/jquery.blockUI.min44fd.js]
[www.liuli.pw/wp/wp-content/plugins/sidebar-login/assets/js/sidebar-login.minde39.js]
[www.liuli.pw/wp/wp-content/plugins/popup-press.v.1.4/js/libs/bPopup.min81c3.js]
[www.liuli.pw/wp/wp-content/plugins/popup-press.v.1.4/js/libs/jquery.flexslider-min53cf.js]
[www.liuli.pw/wp/wp-content/plugins/popup-press.v.1.4/js/libs/jquery.cookiee7f0.js]
[www.liuli.pw/wp/wp-content/plugins/popup-press.v.1.4/js/libs/jquery.easing.1.34e44.js]
[www.liuli.pw/wp/wp-content/plugins/popup-press.v.1.4/js/pps_script5152.js]
[www.liuli.pw/wp/wp-content/plugins/auto-highslide/highslide/highslide.css]
[www.liuli.pw/wp/wp-content/plugins/auto-highslide/highslide/highslide-with-html.packed.js]
[www.liuli.pw/wp/wp-content/plugins/wp-page-numbers/panther/wp-page-numbers.css]
[www.liuli.pw/wp/wp-content/uploads/2016/06/camouflage.png]
[www.liuli.pw/wp/wp-content/uploads/2018/04/LOGO1804.jpg]
[www.hacg.wiki/wp/age.html]
[www.hacg.wiki/wp/op.html]
[www.hacg.wiki/wp/book.html]
[www.hacg.wiki/wp/about.html]
[wx4.sinaimg.cn/large/0060lm7Tly1fqlwjxbon0j30zk0koak5.jpg]
[www.hacg.wiki/wp/bbs.html]
[ww1.sinaimg.cn/large/005zWjpngy1fqkq1l762kj30jq0b4tcf.jpg]
[ww1.sinaimg.cn/large/005zWjpngy1fqjn1bp148j30jq0b4tbc.jpg]
[wx2.sinaimg.cn/mw690/0060lm7Tly1fqh93iapqtj30zk0k0dic.jpg]
[wx2.sinaimg.cn/large/8c007b5cgy1fqh8k56o12j20m80avagb.jpg]
[wx1.sinaimg.cn/large/0060lm7Tly1fqg376cjlrj30zk0np0ww.jpg]
[wx1.sinaimg.cn/mw690/0060lm7Tly1fqg38v0likj30rs0rs78e.jpg]
[wx2.sinaimg.cn/mw690/0060lm7Tly1fqewcai7f6j30zk0k0diu.jpg]
[wx2.sinaimg.cn/mw690/0060lm7Tly1fqdsnocd76j30z60gcdn6.jpg]
[wx3.sinaimg.cn/mw690/0060lm7Tly1fqdrkr6v9kj30rs0rs7wh.jpg]
[www.liuli.pw/wp/wp-content/uploads/2018/04/Konachan.com-208819-sample.jpg]
[www.llss.pw/wp/wp-content/uploads/2018/04/阿斯大声.jpg]
[www.hacg.wiki/201803/2/index.html]
[ww1.llss.pw/4bab3bccgy1fifkoy0dggj20jg0jg0wy.jpg]
[img.alicdn.com/bao/uploaded/i4/759923247/TB2m3i9klHH8KJjy0FbXXcqlpXa_!!759923247.jpg_200x200.jpg]
[img.alicdn.com/bao/uploaded/i4/759923247/TB2I_LuX5rz11Bjy1XaXXbRrFXa_!!759923247.jpg_230x230.jpg]
[img.alicdn.com/bao/uploaded/i3/759923247/TB2hMUPkBNkpuFjy0FaXXbRCVXa_!!759923247.jpg_250x250.jpg]
[img.alicdn.com/bao/uploaded/i3/759923247/TB2cslDXG_ST1JjSZFqXXcQxFXa_!!759923247.jpg_200x200.jpg]
[www.llss.pw/2/img/toptitle01.png]
[www.llss.pw/wp/wp-content/uploads/2018/04/234235.jpg]
[www.liuli.pw/wp/wp-content/plugins/wp-polls/images/loading.gif]
[www.hacg.me/hacg.jpg]
[www.hacg.wiki/mn.js]
[www.liuli.pw/wp/wp-includes/js/mediaelement/mediaelementplayer-legacy.min45a0.css]
[www.liuli.pw/wp/wp-includes/js/mediaelement/wp-mediaelement.min55fe.css]
[www.liuli.pw/wp/wp-content/plugins/wp-polls/polls-jsbdc8.js]
[www.liuli.pw/wp/wp-content/plugins/wp-postratings/images/stars_crystal/rating_over.gif]
[www.liuli.pw/wp/wp-content/plugins/wp-postratings/js/postratings-js2941.js]
[www.liuli.pw/wp/wp-includes/js/wp-embed.min55fe.js]
[www.liuli.pw/wp/wp-includes/js/mediaelement/mediaelement-migrate.min55fe.js]
[www.liuli.pw/wp/wp-includes/js/mediaelement/mediaelement-and-player.min45a0.js]
[www.hacg.wiki/wp/index.html]
[www.liuli.pw/wp/wp-includes/js/mediaelement/wp-mediaelement.min55fe.js]
[wx2.sinaimg.cn/large/0060lm7Tly1fqcl6yc7xwj30zk0k0afk.jpg]
[ww1.sinaimg.cn/large/005zWjpngy1fqay2o38uqj30zk0k0di5.jpg]
[wx3.sinaimg.cn/mw690/0060lm7Tly1fq8015t26yj30zk0k0aed.jpg]
[wx1.sinaimg.cn/mw690/0060lm7Tly1fq5p0fhhy1j30zk0k0n1c.jpg]
[wx2.sinaimg.cn/mw690/0060lm7Tly1fq26v79aczj30zk0k0445.jpg]
[wx1.sinaimg.cn/mw690/0060lm7Tly1fq10a3vbewj30zk0k0q7v.jpg]
[www.hacg.wiki/wp/anime.html]
[wx3.sinaimg.cn/mw690/0060lm7Tly1fqa7xu8rihj30yq0e9wi1.jpg]
[ww1.sinaimg.cn/large/005zWjpngy1fq8z5xt5hcj30m80e3424.jpg]
[wx3.sinaimg.cn/mw690/d4cf862bly1fq4mk6tw9cj20nm0xc4ke.jpg]
[ww1.sinaimg.cn/large/005zWjpngy1fq6upno2r7j30ni0dcajs.jpg]
[ww1.sinaimg.cn/large/005zWjpngy1fq7dhb5e3kj30u00ok77n.jpg]
[www.hacg.wiki/wp/comic.html]
[wx2.llss.pw/8c007b5cly1fdx3yhxvbtj20v509owgk.jpg]
[wx2.sinaimg.cn/mw690/0060lm7Tly1fq3ar3wlg1j30jg0dsq7i.jpg]
[wx1.sinaimg.cn/large/8c007b5cgy1fpzwsankyrj215o0dw4qp.jpg]
[ww1.sinaimg.cn/large/005zWjpngy1fpqok9h2ftj30qo0ji44m.jpg]
[ww3.sinaimg.cn/large/0060lm7Tly1fpo62zfcoxj30qo0n114z.jpg]
[ww1.sinaimg.cn/large/005zWjpngy1fpo6crat0mj30dw0jvgq4.jpg]
[ww1.sinaimg.cn/large/0060lm7Tly1fpm0nx6gk1j30zk0m8dmn.jpg]
[ww4.sinaimg.cn/large/0060lm7Tly1fpg74irppnj30rs0kuwkl.jpg]
[ww2.sinaimg.cn/large/0060lm7Tly1fpf0wrnosyj30z40jm0xl.jpg]
[ww1.sinaimg.cn/large/005zWjpngy1fpbju9ib6kj30qo0fzn5o.jpg]
[ww1.sinaimg.cn/large/0060lm7Tly1foyusf9umwj31hc0xckjl.jpg]
[www.hacg.wiki/wp/game.html]
[www.hacg.wiki/wp/sitemap.html]
[www.liuli.pw/wp/wp-content/themes/twentyeleven2/images/search.png]
[www.liuli.pw/wp/wp-content/themes/twentyeleven2/images/comment-bubble.png]
[www.liuli.pw/wp/wp-content/themes/twentyeleven2/images/comment-arrow.png]
[www.liuli.pw/wp/wp-content/themes/twentyeleven2/images/comment-arrow-bypostauthor.png]
[www.liuli.pw/wp/wp-content/themes/twentyeleven2/ifocus_btn_bg.gif]
[www.liuli.pw/wp/wp-content/themes/twentyeleven2/style.css]
[www.liuli.pw/wp/wp-content/plugins/toggle-box/images/sprite.png]
[www.liuli.pw/wp/wp-content/plugins/toggle-box/toggle-box55fe.css]
[www.liuli.pw/wp/wp-content/plugins/popup-press.v.1.4/css/images/icon_close.png]
[www.liuli.pw/wp/wp-content/plugins/popup-press.v.1.4/css/images/arrows.png]
[www.liuli.pw/wp/wp-content/plugins/popup-press.v.1.4/css/pps_style5152.css]
[www.liuli.pw/wp/wp-content/plugins/sidebar-login/assets/css/sidebar-loginde39.css]
[www.liuli.pw/wp/wp-content/plugins/wp-polls/polls-cssbdc8.css]
[www.liuli.pw/wp/wp-content/plugins/wp-postratings/css/postratings-css2941.css]
[www.liuli.pw/wp/wp-content/plugins/wpforo/wpf-themes/classic/widgetse7f0.css]
[www.liuli.pw/wp/wp-content/themes/twentyeleven2/images/comment-bubble-dark.png]
[www.liuli.pw/wp/wp-content/themes/twentyeleven2/images/comment-bubble-dark-rtl.png]
[www.liuli.pw/wp/wp-content/themes/twentyeleven2/images/comment-arrow-dark.png]
[www.liuli.pw/wp/wp-content/themes/twentyeleven2/images/comment-arrow-dark-rtl.png]
[www.liuli.pw/wp/wp-content/themes/twentyeleven2/images/comment-arrow-bypostauthor-dark.png]
[www.liuli.pw/wp/wp-content/themes/twentyeleven2/images/comment-arrow-bypostauthor-dark-rtl.png]
[www.liuli.pw/wp/wp-content/themes/twentyeleven2/colors/dark.css]
[www.liuli.pw/wp/wp-content/plugins/auto-highslide/highslide/graphics/zoomin.cur]
[www.liuli.pw/wp/wp-content/plugins/auto-highslide/highslide/graphics/loader.white.gif]
[www.liuli.pw/wp/wp-content/plugins/auto-highslide/highslide/graphics/fullexpand.gif]
[www.liuli.pw/wp/wp-content/plugins/auto-highslide/highslide/graphics/resize.gif]
[www.liuli.pw/wp/wp-content/plugins/auto-highslide/highslide/graphics/controlbar-white.gif]
[www.liuli.pw/wp/wp-content/plugins/auto-highslide/highslide/highslide.css]
[www.liuli.pw/wp/wp-content/plugins/wp-page-numbers/panther/wp-page-numbers.css]
[ww2.sinaimg.cn/large/0060lm7Tly1fpw27s0y5ij30rs0fmwk4.jpg]
[ww4.sinaimg.cn/large/0060lm7Tly1fozlld4esvj30m80ciacz.jpg]
[ww2.sinaimg.cn/large/0060lm7Tly1fnzvesx1qtj30m80an0ut.jpg]
[ww3.sinaimg.cn/large/0060lm7Tly1fn0ck9dlnsj30m80et41z.jpg]
[ww3.sinaimg.cn/large/0060lm7Tly1fm1au1kmqfj30m80efac4.jpg]
[www.hacg.wiki/wp/age.html]
[ww1.sinaimg.cn/large/005zWjpngy1fq1lmpm2uej30nu0hracr.jpg]
[ww1.sinaimg.cn/large/005zWjpngy1fq39opgd8ij30go0godhg.jpg]
[ww1.sinaimg.cn/large/005zWjpngy1fpkw1aw61xj30rs0rsgqa.jpg]
[ww2.sinaimg.cn/large/0060lm7Tly1fozuj7r4xqj314a0ov7gm.jpg]
[i.loli.net/2018/02/11/5a8017125dcea.jpg]
[i.loli.net/2018/02/10/5a7e75059c463.jpg]
[static.wodetu.cn/images/2018/02/10/0064f9e1e71f8bc907e83009bbcc92a3.jpg]
[wx1.sinaimg.cn/large/006kUofbgy1fnpmpst3bfj316r0lh48l.jpg]
[ww4.sinaimg.cn/large/a15b4afegy1fng848j50zj20m80m8tdx.jpg]
[www.hacg.wiki/wp/op.html]
[ws1.sinaimg.cn/large/a15b4afegy1foaiptsljhj20iy0nq77b.jpg]
[wx3.sinaimg.cn/large/8c007b5cly1fko0wydqyvj215o0rj4kq.jpg]
[wx2.sinaimg.cn/large/8c007b5cly1fkk48ogqw4j20zk0ukdyn.jpg]
[wx4.sinaimg.cn/large/8c007b5cly1fkcicaq6moj21kw0kmk85.jpg]
[wx4.sinaimg.cn/large/8c007b5cly1fjyir95eflj20xc0nbkjl.jpg]
[wx4.sinaimg.cn/large/8c007b5cly1fjxd6yiv2aj212w0jk79w.jpg]
[ww1.llss.pw/4bab3bccgy1fjh68aw9tlj20iq0sgn23.jpg]
[www.hacg.wiki/wp/book.html]
[www.liuli.pw/wp/wp-content/uploads/2015/12/æ¸©æ³äº2.85.delayed]
[www.liuli.pw/wp/wp-content/uploads/2015/12/2352356326.jpg]
[www.liuli.pw/wp/wp-content/uploads/2015/12/wetwet.jpg]
[www.liuli.pw/wp/wp-content/uploads/2015/12/ertwet.jpg]
[www.liuli.pw/wp/wp-content/uploads/2015/12/3423522.jpg]
[www.liuli.pw/wp/wp-content/uploads/2015/12/3245325.jpg]
[www.liuli.pw/wp/wp-content/uploads/2015/12/243623476.jpg]
[www.liuli.pw/wp/wp-content/uploads/2015/12/2346.jpg]
[www.liuli.pw/wp/wp-content/uploads/2015/12/4362.jpg]
[www.liuli.pw/wp/wp-includes/js/comment-reply.min55fe.js]
[www.hacg.wiki/wp/about.html]
[www.liuli.pw/wp/wp-content/plugins/wp-postviews/postviews-cache05fe.js]
[www.liuli.pw/wp/wp-content/plugins/wpforo/wpf-assets/css/font-awesome/css/font-awesome.min4906.css]
[www.liuli.pw/wp/wp-content/plugins/wpforo/wpf-themes/classic/stylee7f0.css]
[www.liuli.pw/wp/wp-content/plugins/wpforo/wpf-assets/css/jquery-uie7f0.css]
[www.liuli.pw/wp/wp-content/plugins/wpforo/wpf-themes/classic/colorse7f0.css]
[www.liuli.pw/wp/wp-content/themes/twentyeleven2/js/showcasee92a.js]
[www.liuli.pw/wp/wp-content/plugins/wpforo/wpf-assets/js/frontende7f0.js]
[www.liuli.pw/wp/wp-includes/js/jquery/ui/core.mine899.js]
[www.liuli.pw/wp/wp-includes/js/jquery/ui/widget.mine899.js]
[www.liuli.pw/wp/wp-includes/js/jquery/ui/mouse.mine899.js]
[www.liuli.pw/wp/wp-includes/js/jquery/ui/resizable.mine899.js]
[www.liuli.pw/wp/wp-includes/js/jquery/ui/button.mine899.js]
[www.liuli.pw/wp/wp-includes/js/jquery/ui/draggable.mine899.js]
[www.hacg.wiki/wp/bbs.html]
[www.hacg.wiki/201803/2/index.html]
[www.liuli.pw/wp/wp-includes/js/jquery/ui/position.mine899.js]
[www.liuli.pw/wp/wp-includes/js/jquery/ui/dialog.mine899.js]
[www.liuli.pw/wp/wp-includes/js/mediaelement/mediaelementplayer-legacy.min45a0.css]
[www.liuli.pw/wp/wp-includes/js/mediaelement/wp-mediaelement.min55fe.css]
[www.liuli.pw/wp/wp-content/themes/twentyeleven2/ifocus_btn_bg.html]
[www.liuli.pw/wp/wp-includes/js/mediaelement/mejs-controls.svg]
[www.liuli.pw/wp/wp-content/uploads/2015/12/æ¸©æ³äº2.html]
[www.liuli.pw/wp/wp-content/plugins/wpforo/wpf-assets/css/font-awesome/css/font-awesome.min4906.css]
[www.liuli.pw/wp/wp-content/plugins/wpforo/wpf-themes/classic/stylee7f0.css]
[www.liuli.pw/wp/wp-content/plugins/wpforo/wpf-assets/css/jquery-uie7f0.css]
[www.liuli.pw/wp/wp-content/plugins/wpforo/wpf-themes/classic/colorse7f0.css]
[www.liuli.pw/wp/wp-includes/js/mediaelement/mejs-controls.svg]
[www.hacg.wiki/gg2/1/index.html]
